---
apiVersion: apps/v1
kind: Deployment
metadata:
  name: mariadb-testdsp0
  namespace: default
  labels:
    dsp-version: v2
    app: mariadb-testdsp0
    component: data-science-pipelines
    dspa: testdsp0
spec:
  strategy:
    type: Recreate  # Need this since backing PVC is ReadWriteOnce, which creates resource lock condition in default Rolling strategy
  selector:
    matchLabels:
      app: mariadb-testdsp0
      component: data-science-pipelines
      dspa: testdsp0
  template:
    metadata:
      labels:
        dsp-version: v2
        app: mariadb-testdsp0
        component: data-science-pipelines
        dspa: testdsp0
    spec:
      containers:
        - name: mariadb
          image: mariadb:test0
          ports:
            - containerPort: 3306
              protocol: TCP
          readinessProbe:
            exec:
              command:
                - /bin/sh
                - "-i"
                - "-c"
                - >-
                  MYSQL_PWD=$MYSQL_PASSWORD mysql -h 127.0.0.1 -u $MYSQL_USER -D
                  $MYSQL_DATABASE -e 'SELECT 1'
            failureThreshold: 3
            initialDelaySeconds: 5
            periodSeconds: 10
            successThreshold: 1
            timeoutSeconds: 1
          livenessProbe:
            failureThreshold: 3
            initialDelaySeconds: 30
            periodSeconds: 10
            successThreshold: 1
            tcpSocket:
              port: 3306
            timeoutSeconds: 1
          env:
            - name: MYSQL_USER
              value: "mlpipeline"
            - name: MYSQL_PASSWORD
              valueFrom:
                secretKeyRef:
                  key: "password"
                  name: "ds-pipeline-db-testdsp0"
            - name: MYSQL_DATABASE
              value: "mlpipeline"
            - name: MYSQL_ALLOW_EMPTY_PASSWORD
              value: "true"
          resources:
            requests:
              cpu: 300m
              memory: 800Mi
            limits:
              cpu: "1"
              memory: 1Gi
          volumeMounts:
            - name: mariadb-persistent-storage
              mountPath: /var/lib/mysql
      volumes:
        - name: mariadb-persistent-storage
          persistentVolumeClaim:
            claimName: mariadb-testdsp0
